MPLINK 5.09, LINKER
Linker Map File - Created Thu Oct 08 15:39:20 2020

                                 Section Info
                  Section       Type    Address   Location Size(Bytes)
                ---------  ---------  ---------  ---------  ---------
                   .org_0       code   0x000000    program   0x000052
                   .cinit    romdata   0x000029    program   0x000004
.config_2007_BUILD/DEFAULT/PRODUCTION/LAB02-2       code   0x002007    program   0x000002



                              Program Memory Usage 
                               Start         End      
                           ---------   ---------      
                            0x000000    0x00002a      
                            0x002007    0x002007      
            44 out of 8454 program addresses used, program memory utilization is 0%



                              Symbols - Sorted by Name
                     Name    Address   Location    Storage File                     
                ---------  ---------  ---------  --------- ---------                
                    delay   0x00000c    program     static B:\University\Embedded\MPLAB Projects\Lab01.X\Lab02-2.asm
                     do_B   0x00001f    program     static B:\University\Embedded\MPLAB Projects\Lab01.X\Lab02-2.asm
                     do_C   0x000015    program     static B:\University\Embedded\MPLAB Projects\Lab01.X\Lab02-2.asm
               inner_loop   0x000010    program     static B:\University\Embedded\MPLAB Projects\Lab01.X\Lab02-2.asm
              inner_while   0x000018    program     static B:\University\Embedded\MPLAB Projects\Lab01.X\Lab02-2.asm
            inner_while_B   0x000022    program     static B:\University\Embedded\MPLAB Projects\Lab01.X\Lab02-2.asm
                     loop   0x000009    program     static B:\University\Embedded\MPLAB Projects\Lab01.X\Lab02-2.asm
                     main   0x000000    program     static B:\University\Embedded\MPLAB Projects\Lab01.X\Lab02-2.asm
               outer_loop   0x00000e    program     static B:\University\Embedded\MPLAB Projects\Lab01.X\Lab02-2.asm



                              Symbols - Sorted by Address
                     Name    Address   Location    Storage File                     
                ---------  ---------  ---------  --------- ---------                
                     main   0x000000    program     static B:\University\Embedded\MPLAB Projects\Lab01.X\Lab02-2.asm
                     loop   0x000009    program     static B:\University\Embedded\MPLAB Projects\Lab01.X\Lab02-2.asm
                    delay   0x00000c    program     static B:\University\Embedded\MPLAB Projects\Lab01.X\Lab02-2.asm
               outer_loop   0x00000e    program     static B:\University\Embedded\MPLAB Projects\Lab01.X\Lab02-2.asm
               inner_loop   0x000010    program     static B:\University\Embedded\MPLAB Projects\Lab01.X\Lab02-2.asm
                     do_C   0x000015    program     static B:\University\Embedded\MPLAB Projects\Lab01.X\Lab02-2.asm
              inner_while   0x000018    program     static B:\University\Embedded\MPLAB Projects\Lab01.X\Lab02-2.asm
                     do_B   0x00001f    program     static B:\University\Embedded\MPLAB Projects\Lab01.X\Lab02-2.asm
            inner_while_B   0x000022    program     static B:\University\Embedded\MPLAB Projects\Lab01.X\Lab02-2.asm


