MPLINK 5.09, LINKER
Linker Map File - Created Thu Oct 08 17:09:12 2020

                                 Section Info
                  Section       Type    Address   Location Size(Bytes)
                ---------  ---------  ---------  ---------  ---------
                   .org_0       code   0x000000    program   0x000088
                   .cinit    romdata   0x000044    program   0x000004
.config_2007_BUILD/DEFAULT/PRODUCTION/LAB01.O       code   0x002007    program   0x000002



                              Program Memory Usage 
                               Start         End      
                           ---------   ---------      
                            0x000000    0x000045      
                            0x002007    0x002007      
            71 out of 8454 program addresses used, program memory utilization is 0%



                              Symbols - Sorted by Name
                     Name    Address   Location    Storage File                     
                ---------  ---------  ---------  --------- ---------                
                    delay   0x00003b    program     static B:\University\Embedded\MPLAB Projects\Lab02-7seg.X\Lab01.asm
               inner_loop   0x00003f    program     static B:\University\Embedded\MPLAB Projects\Lab02-7seg.X\Lab01.asm
                     loop   0x00000b    program     static B:\University\Embedded\MPLAB Projects\Lab02-7seg.X\Lab01.asm
                     main   0x000000    program     static B:\University\Embedded\MPLAB Projects\Lab02-7seg.X\Lab01.asm
                   make_b   0x000020    program     static B:\University\Embedded\MPLAB Projects\Lab02-7seg.X\Lab01.asm
                   make_o   0x000029    program     static B:\University\Embedded\MPLAB Projects\Lab02-7seg.X\Lab01.asm
                   make_s   0x000032    program     static B:\University\Embedded\MPLAB Projects\Lab02-7seg.X\Lab01.asm
               outer_loop   0x00003d    program     static B:\University\Embedded\MPLAB Projects\Lab02-7seg.X\Lab01.asm



                              Symbols - Sorted by Address
                     Name    Address   Location    Storage File                     
                ---------  ---------  ---------  --------- ---------                
                     main   0x000000    program     static B:\University\Embedded\MPLAB Projects\Lab02-7seg.X\Lab01.asm
                     loop   0x00000b    program     static B:\University\Embedded\MPLAB Projects\Lab02-7seg.X\Lab01.asm
                   make_b   0x000020    program     static B:\University\Embedded\MPLAB Projects\Lab02-7seg.X\Lab01.asm
                   make_o   0x000029    program     static B:\University\Embedded\MPLAB Projects\Lab02-7seg.X\Lab01.asm
                   make_s   0x000032    program     static B:\University\Embedded\MPLAB Projects\Lab02-7seg.X\Lab01.asm
                    delay   0x00003b    program     static B:\University\Embedded\MPLAB Projects\Lab02-7seg.X\Lab01.asm
               outer_loop   0x00003d    program     static B:\University\Embedded\MPLAB Projects\Lab02-7seg.X\Lab01.asm
               inner_loop   0x00003f    program     static B:\University\Embedded\MPLAB Projects\Lab02-7seg.X\Lab01.asm


